WARN Appium Appium encountered 2 warnings while validating drivers found in manifest /home/ubuntu/.appium/node_modules/.cache/appium/extensions.yaml
WARN Appium Driver "uiautomator2" has 1 potential problem: 
WARN Appium   - Driver "uiautomator2" (package `appium-uiautomator2-driver`) may be incompatible with the current version of Appium (v2.0.0) due to its peer dependency on older Appium v^2.4.1 || ^3.0.0-beta.0. Please ask the developer of `appium-uiautomator2-driver` to update the peer dependency on Appium to v2.0.0.
WARN Appium Driver "xcuitest" has 1 potential problem: 
WARN Appium   - Driver "xcuitest" (package `appium-xcuitest-driver`) may be incompatible with the current version of Appium (v2.0.0) due to its peer dependency on older Appium v^2.5.4. Please upgrade `appium-xcuitest-driver` to v9.3.2 or newer.
[35m[Appium][39m Welcome to Appium v2.0.0
[35m[Appium][39m Non-default server args:
[35m[Appium][39m { basePath: [32m'/wd/hub'[39m, loglevel: [32m'info'[39m }
[35m[Appium][39m Attempting to load driver uiautomator2...
[Appium] Attempting to load driver xcuitest...
[Appium] Appium REST http interface listener started on http://0.0.0.0:4723/wd/hub
[Appium] You can provide the following URLS in your client code to connect to this server:
[Appium] 	http://127.0.0.1:4723/wd/hub (only accessible from the same host)
[Appium] 	http://100.119.36.80:4723/wd/hub
[Appium] Available drivers:
[Appium]   - uiautomator2@4.2.3 (automationName 'UiAutomator2')
[Appium]   - xcuitest@9.3.1 (automationName 'XCUITest')
[Appium] No plugins have been installed. Use the "appium plugin" command to install the one(s) you want to use.
[38;5;0m[HTTP][0m [37m-->[39m [37mPOST[39m [37m/wd/hub/session[39m {"capabilities":{"firstMatch":[{}],"alwaysMatch":{"appium:app":"/home/ubuntu/AfrobeatsAutomation/src/test/resources/installable/app_0304_1.apk","appium:appActivity":"com.suenare.iafrobeats.afrobeats.SplashActivity","appium:appPackage":"com.suenare.iafrobeats.afrobeats","appium:appWaitActivity":"*","appium:appWaitDuration":30000,"appium:automationName":"UiAutomator2","appium:deviceName":"emulator-5554","appium:fullReset":false,"appium:newCommandTimeout":300,"appium:noReset":false,"appium:platformVersion":"14.0","platformName":"ANDROID"}}}
[Appium] Attempting to find matching driver for automationName 'UiAutomator2' and platformName 'ANDROID'
[Appium] The 'uiautomator2' driver was installed and matched caps.
[Appium] Will require it at /home/ubuntu/.appium/node_modules/appium-uiautomator2-driver
[38;5;16m[AppiumDriver@3c50][0m Appium v2.0.0 creating new AndroidUiautomator2Driver (v4.2.3) session
[38;5;16m[AppiumDriver@3c50][0m Checking BaseDriver versions for Appium and AndroidUiautomator2Driver
[38;5;16m[AppiumDriver@3c50][0m Appium's BaseDriver version is 9.18.0
[38;5;16m[AppiumDriver@3c50][0m AndroidUiautomator2Driver's BaseDriver version is 9.18.0
[38;5;32m[AndroidUiautomator2Driver@3b0e][0m Session created with session id: 8a960218-0789-4a0d-93fa-2c2901774f59
[38;5;48m[ADB][0m Cannot sort build-tools folders ["debian","29.0.3"] by semantic version names.
[38;5;48m[ADB][0m Falling back to sorting by modification date. Original error: Invalid Version: debian
[38;5;48m[ADB][0m Found 2 'build-tools' folders under '/usr/lib/android-sdk' (newest first):
[38;5;48m[ADB][0m     /usr/lib/android-sdk/build-tools/debian
[38;5;48m[ADB][0m     /usr/lib/android-sdk/build-tools/29.0.3
[38;5;48m[ADB][0m Using 'adb' from '/usr/lib/android-sdk/platform-tools/adb'
[38;5;32m[AndroidUiautomator2Driver@3b0e][0m Retrieving device list
[38;5;32m[AndroidUiautomator2Driver@3b0e][0m Looking for a device with Android '14.0.0'
[38;5;48m[ADB][0m Getting device platform version
[38;5;32m[AndroidUiautomator2Driver@3b0e][0m Using device: emulator-5554
[38;5;48m[ADB][0m Using 'adb' from '/usr/lib/android-sdk/platform-tools/adb'
[38;5;64m[BaseDriver][0m Using local app '/home/ubuntu/AfrobeatsAutomation/src/test/resources/installable/app_0304_1.apk'
[38;5;48m[ADB][0m Getting device platform version
[38;5;32m[AndroidUiautomator2Driver@3b0e][0m Relaxing hidden api policy
[38;5;48m[ADB][0m Using 'aapt2' from '/usr/lib/android-sdk/build-tools/debian/aapt2'
[38;5;32m[AndroidUiautomator2Driver@3b0e][0m Restoring hidden api policy to the device default configuration
[38;5;0m[HTTP][0m <-- POST /wd/hub/session 500 86967 ms - 624 
