2025-06-02 13:01:11:752 [Appium] Welcome to Appium v2.19.0
2025-06-02 13:01:11:754 [Appium] Non-default server args:
2025-06-02 13:01:11:755 [Appium] { loglevel: 'info' }
2025-06-02 13:01:11:756 [Appium] Attempting to load driver uiautomator2...
2025-06-02 13:01:11:756 [Appium] Attempting to load driver xcuitest...
2025-06-02 13:01:19:338 [Appium] Appium REST http interface listener started on http://0.0.0.0:4723
2025-06-02 13:01:19:339 [Appium] You can provide the following URLs in your client code to connect to this server:
	http://127.0.0.1:4723/ (only accessible from the same host)
	http://100.124.24.81:4723/
2025-06-02 13:01:19:340 [Appium] Available drivers:
2025-06-02 13:01:19:340 [Appium]   - uiautomator2@4.2.3 (automationName 'UiAutomator2')
2025-06-02 13:01:19:340 [Appium]   - xcuitest@9.3.1 (automationName 'XCUITest')
2025-06-02 13:01:19:340 [Appium] No plugins have been installed. Use the "appium plugin" command to install the one(s) you want to use.
2025-06-02 13:01:40:498 [HTTP] --> POST /session {"capabilities":{"firstMatch":[{}],"alwaysMatch":{"appium:app":"/home/ubuntu/AfrobeatsAutomation/src/test/resources/installable/app_0304_1.apk","appium:appActivity":"com.suenare.iafrobeats.afrobeats.SplashActivity","appium:appPackage":"com.suenare.iafrobeats.afrobeats","appium:appWaitActivity":"*","appium:appWaitDuration":30000,"appium:automationName":"UiAutomator2","appium:deviceName":"emulator-5554","appium:fullReset":false,"appium:newCommandTimeout":300,"appium:noReset":false,"appium:platformVersion":"14.0","appium:uiautomator2ServerInstallTimeout":180000,"appium:uiautomator2ServerLaunchTimeout":180000,"appium:uiautomator2ServerReadTimeout":120000,"platformName":"ANDROID"}}}
2025-06-02 13:01:40:503 [Appium] Attempting to find matching driver for automationName 'UiAutomator2' and platformName 'ANDROID'
2025-06-02 13:01:40:503 [Appium] The 'uiautomator2' driver was installed and matched caps.
2025-06-02 13:01:40:503 [Appium] Will require it at /home/ubuntu/.appium/node_modules/appium-uiautomator2-driver
2025-06-02 13:01:40:506 [AppiumDriver@2338] Appium v2.19.0 creating new AndroidUiautomator2Driver (v4.2.3) session
2025-06-02 13:01:40:507 [AppiumDriver@2338] Checking BaseDriver versions for Appium and AndroidUiautomator2Driver
2025-06-02 13:01:40:507 [AppiumDriver@2338] Appium's BaseDriver version is 9.18.0
2025-06-02 13:01:40:507 [AppiumDriver@2338] AndroidUiautomator2Driver's BaseDriver version is 9.18.0
2025-06-02 13:01:40:517 [6aa09518][38;5;-6m[AndroidUiautomator2Driver@37f1] Session created with session id: 6aa09518-964d-4fc6-8c02-07a6e04fb0a8
2025-06-02 13:01:40:527 [6aa09518][ADB] Found 1 'build-tools' folders under '/home/ubuntu/android-sdk' (newest first):
2025-06-02 13:01:40:527 [6aa09518][ADB]     /home/ubuntu/android-sdk/build-tools/34.0.0
2025-06-02 13:01:40:528 [6aa09518][ADB] Using 'adb' from '/home/ubuntu/android-sdk/platform-tools/adb'
2025-06-02 13:01:40:537 [6aa09518][38;5;-6m[AndroidUiautomator2Driver@37f1] Retrieving device list
2025-06-02 13:02:00:632 [6aa09518][HTTP] <-- POST /session 500 20133 ms - 632 
