[2025-06-03T01:35:44.957Z] Starting Appium server...
[2025-06-03T01:35:44.968Z] Starting: npx appium --address 127.0.0.1 --port 4723 --log-level info
[2025-06-03T01:35:44.973Z] Appium server started with PID: 4880
[2025-06-03T01:35:49.274Z] ✓ Appium server is ready
[2025-06-03T01:35:49.278Z] Detecting connected devices...
[2025-06-03T01:35:49.282Z] Checking ADB devices...
[2025-06-03T01:35:49.285Z] Command: adb devices
[2025-06-03T01:35:49.291Z] ✗ Checking ADB devices failed: Command failed: adb devices
/bin/sh: 1: adb: not found

[2025-06-03T01:35:49.295Z] Device detection failed: Command failed: adb devices
/bin/sh: 1: adb: not found

[2025-06-03T01:35:49.299Z] === End-to-End Automation Failed ===
[2025-06-03T01:35:49.303Z] Error: Command failed: adb devices
/bin/sh: 1: adb: not found

[2025-06-03T01:35:49.307Z] Performing cleanup...
[2025-06-03T01:35:49.310Z] Stopping Appium server...
[2025-06-03T01:35:51.315Z] ✓ Appium server stopped
[2025-06-03T01:35:51.323Z] ✓ Cleanup completed
[2025-06-03T01:38:15.396Z] Starting Appium server...
[2025-06-03T01:38:15.404Z] Starting: npx appium --address 127.0.0.1 --port 4723 --log-level info
[2025-06-03T01:38:15.410Z] Appium server started with PID: 5042
[2025-06-03T01:38:19.425Z] ✓ Appium server is ready
[2025-06-03T01:38:19.429Z] Detecting connected devices...
[2025-06-03T01:38:19.433Z] Checking ADB devices...
[2025-06-03T01:38:19.437Z] Command: "/home/ubuntu/android-sdk/platform-tools/adb" devices
[2025-06-03T01:38:19.445Z] ✓ Checking ADB devices completed
[2025-06-03T01:38:19.449Z] No physical devices found. Using mock device for demonstration...
[2025-06-03T01:38:19.453Z] ✓ Mock device mode enabled: mock_device
[2025-06-03T01:38:19.456Z] Extracting app package name from APK...
[2025-06-03T01:38:19.461Z] Getting package name...
[2025-06-03T01:38:19.464Z] Command: "/home/ubuntu/android-sdk/build-tools/34.0.0/aapt" dump badging "/home/ubuntu/AfrobeatsAutomation/src/test/resources/installable/app_0304_1.apk" | grep package | head -1
[2025-06-03T01:38:19.557Z] ✓ Getting package name completed
[2025-06-03T01:38:19.561Z] ✓ Package name: com.suenare.iafrobeats.afrobeats
[2025-06-03T01:38:19.565Z] Uninstalling existing app...
[2025-06-03T01:38:19.568Z] Mock mode: Simulating app uninstall...
[2025-06-03T01:38:20.572Z] ✓ App uninstalled successfully (mock)
[2025-06-03T01:38:20.576Z] Installing app...
[2025-06-03T01:38:20.580Z] Mock mode: Simulating app installation...
[2025-06-03T01:38:22.592Z] ✓ App installed successfully (mock)
[2025-06-03T01:38:22.596Z] Launching app...
[2025-06-03T01:38:22.600Z] Mock mode: Simulating app launch...
[2025-06-03T01:38:24.105Z] ✓ App launched successfully (mock)
[2025-06-03T01:38:24.109Z] Running feature tests...
[2025-06-03T01:38:24.113Z] Found 10 feature files
[2025-06-03T01:38:24.117Z] Running Maven-based tests...
[2025-06-03T01:38:24.120Z] Running Maven tests...
[2025-06-03T01:38:24.124Z] Command: mvn clean test -Dappium.host=127.0.0.1 -Dappium.port=4723 -Dandroid.device=mock_device -Dapp.package=com.suenare.iafrobeats.afrobeats
[2025-06-03T01:38:54.158Z] ✗ Running Maven tests failed: spawnSync /bin/sh ETIMEDOUT
[2025-06-03T01:38:54.161Z] Maven tests failed: spawnSync /bin/sh ETIMEDOUT
[2025-06-03T01:38:54.165Z] Test execution failed: spawnSync /bin/sh ETIMEDOUT
[2025-06-03T01:38:54.169Z] === End-to-End Automation Failed ===
[2025-06-03T01:38:54.173Z] Error: spawnSync /bin/sh ETIMEDOUT
[2025-06-03T01:38:54.176Z] Performing cleanup...
[2025-06-03T01:38:54.187Z] Stopping Appium server...
[2025-06-03T01:38:56.193Z] ✓ Appium server stopped
[2025-06-03T01:38:56.200Z] ✓ Cleanup completed
[2025-06-03T01:42:20.848Z] Starting Appium server...
[2025-06-03T01:42:20.855Z] Starting: npx appium --address 127.0.0.1 --port 4723 --log-level info
[2025-06-03T01:42:20.861Z] Appium server started with PID: 5404
[2025-06-03T01:42:24.099Z] ✓ Appium server is ready
[2025-06-03T01:42:24.103Z] Detecting connected devices...
[2025-06-03T01:42:24.107Z] Checking ADB devices...
[2025-06-03T01:42:24.111Z] Command: "/home/ubuntu/android-sdk/platform-tools/adb" devices
[2025-06-03T01:42:24.119Z] ✓ Checking ADB devices completed
[2025-06-03T01:42:24.123Z] No physical devices found. Using mock device for demonstration...
[2025-06-03T01:42:24.126Z] ✓ Mock device mode enabled: mock_device
[2025-06-03T01:42:24.130Z] Extracting app package name from APK...
[2025-06-03T01:42:24.134Z] Getting package name...
[2025-06-03T01:42:24.138Z] Command: "/home/ubuntu/android-sdk/build-tools/34.0.0/aapt" dump badging "/home/ubuntu/AfrobeatsAutomation/src/test/resources/installable/app_0304_1.apk" | grep package | head -1
[2025-06-03T01:42:24.149Z] ✓ Getting package name completed
[2025-06-03T01:42:24.153Z] ✓ Package name: com.suenare.iafrobeats.afrobeats
[2025-06-03T01:42:24.156Z] Uninstalling existing app...
[2025-06-03T01:42:24.160Z] Mock mode: Simulating app uninstall...
[2025-06-03T01:42:25.164Z] ✓ App uninstalled successfully (mock)
[2025-06-03T01:42:25.169Z] Installing app...
[2025-06-03T01:42:25.172Z] Mock mode: Simulating app installation...
[2025-06-03T01:42:27.177Z] ✓ App installed successfully (mock)
[2025-06-03T01:42:27.181Z] Launching app...
[2025-06-03T01:42:27.185Z] Mock mode: Simulating app launch...
[2025-06-03T01:42:28.689Z] ✓ App launched successfully (mock)
[2025-06-03T01:42:28.693Z] Running feature tests...
[2025-06-03T01:42:28.700Z] Found 10 feature files
[2025-06-03T01:42:28.704Z] Running Maven-based tests...
[2025-06-03T01:42:28.708Z] Running Maven tests...
[2025-06-03T01:42:28.711Z] Command: mvn clean test -Dappium.host=127.0.0.1 -Dappium.port=4723 -Dandroid.device=mock_device -Dapp.package=com.suenare.iafrobeats.afrobeats
[2025-06-03T01:42:37.812Z] ✗ Running Maven tests failed: Command failed: mvn clean test -Dappium.host=127.0.0.1 -Dappium.port=4723 -Dandroid.device=mock_device -Dapp.package=com.suenare.iafrobeats.afrobeats
[2025-06-03T01:42:37.816Z] Maven tests failed: Command failed: mvn clean test -Dappium.host=127.0.0.1 -Dappium.port=4723 -Dandroid.device=mock_device -Dapp.package=com.suenare.iafrobeats.afrobeats
[2025-06-03T01:42:37.819Z] Test execution failed: Command failed: mvn clean test -Dappium.host=127.0.0.1 -Dappium.port=4723 -Dandroid.device=mock_device -Dapp.package=com.suenare.iafrobeats.afrobeats
[2025-06-03T01:42:37.823Z] === End-to-End Automation Failed ===
[2025-06-03T01:42:37.826Z] Error: Command failed: mvn clean test -Dappium.host=127.0.0.1 -Dappium.port=4723 -Dandroid.device=mock_device -Dapp.package=com.suenare.iafrobeats.afrobeats
[2025-06-03T01:42:37.830Z] Performing cleanup...
[2025-06-03T01:42:37.834Z] Stopping Appium server...
[2025-06-03T01:42:39.839Z] ✓ Appium server stopped
[2025-06-03T01:42:39.846Z] ✓ Cleanup completed
[2025-06-03T01:46:41.661Z] Starting Appium server...
[2025-06-03T01:46:41.668Z] Starting: npx appium --address 127.0.0.1 --port 4723 --log-level info
[2025-06-03T01:46:41.673Z] Appium server started with PID: 5573
[2025-06-03T01:46:45.157Z] ✓ Appium server is ready
[2025-06-03T01:46:45.161Z] Detecting connected devices...
[2025-06-03T01:46:45.165Z] Checking ADB devices...
[2025-06-03T01:46:45.168Z] Command: "/home/ubuntu/android-sdk/platform-tools/adb" devices
[2025-06-03T01:46:45.175Z] ✓ Checking ADB devices completed
[2025-06-03T01:46:45.178Z] No physical devices found. Using mock device for demonstration...
[2025-06-03T01:46:45.182Z] ✓ Mock device mode enabled: mock_device
[2025-06-03T01:46:45.186Z] Extracting app package name from APK...
[2025-06-03T01:46:45.190Z] Getting package name...
[2025-06-03T01:46:45.193Z] Command: "/home/ubuntu/android-sdk/build-tools/34.0.0/aapt" dump badging "/home/ubuntu/AfrobeatsAutomation/src/test/resources/installable/app_0304_1.apk" | grep package | head -1
[2025-06-03T01:46:45.203Z] ✓ Getting package name completed
[2025-06-03T01:46:45.207Z] ✓ Package name: com.suenare.iafrobeats.afrobeats
[2025-06-03T01:46:45.211Z] Uninstalling existing app...
[2025-06-03T01:46:45.214Z] Mock mode: Simulating app uninstall...
[2025-06-03T01:46:46.219Z] ✓ App uninstalled successfully (mock)
[2025-06-03T01:46:46.238Z] Installing app...
[2025-06-03T01:46:46.243Z] Mock mode: Simulating app installation...
[2025-06-03T01:46:48.249Z] ✓ App installed successfully (mock)
[2025-06-03T01:46:48.253Z] Launching app...
[2025-06-03T01:46:48.257Z] Mock mode: Simulating app launch...
[2025-06-03T01:46:49.763Z] ✓ App launched successfully (mock)
[2025-06-03T01:46:49.768Z] Running feature tests...
[2025-06-03T01:46:49.772Z] Found 10 feature files
[2025-06-03T01:46:49.776Z] Running Maven-based tests...
[2025-06-03T01:46:49.780Z] Running Maven tests...
[2025-06-03T01:46:49.783Z] Command: mvn clean test -Dappium.host=127.0.0.1 -Dappium.port=4723 -Dandroid.device=mock_device -Dapp.package=com.suenare.iafrobeats.afrobeats
[2025-06-03T01:47:19.816Z] ✗ Running Maven tests failed: spawnSync /bin/sh ETIMEDOUT
[2025-06-03T01:47:19.821Z] Maven tests failed: spawnSync /bin/sh ETIMEDOUT
[2025-06-03T01:47:19.825Z] Test execution failed: spawnSync /bin/sh ETIMEDOUT
[2025-06-03T01:47:19.829Z] === End-to-End Automation Failed ===
[2025-06-03T01:47:19.833Z] Error: spawnSync /bin/sh ETIMEDOUT
[2025-06-03T01:47:19.838Z] Performing cleanup...
[2025-06-03T01:47:19.842Z] Stopping Appium server...
[2025-06-03T01:47:21.847Z] ✓ Appium server stopped
[2025-06-03T01:47:21.856Z] ✓ Cleanup completed
[2025-06-03T01:59:11.630Z] Starting Appium server...
[2025-06-03T01:59:11.637Z] Starting: npx appium --address 127.0.0.1 --port 4723 --log-level info
[2025-06-03T01:59:11.643Z] Appium server started with PID: 6711
[2025-06-03T01:59:14.933Z] ✓ Appium server is ready
[2025-06-03T01:59:14.938Z] Detecting connected devices...
[2025-06-03T01:59:14.942Z] Checking ADB devices...
[2025-06-03T01:59:14.946Z] Command: "/home/ubuntu/android-sdk/platform-tools/adb" devices
[2025-06-03T01:59:14.954Z] ✓ Checking ADB devices completed
[2025-06-03T01:59:14.960Z] No physical devices found. Using mock device for demonstration...
[2025-06-03T01:59:14.964Z] ✓ Mock device mode enabled: mock_device
[2025-06-03T01:59:14.967Z] Extracting app package name from APK...
[2025-06-03T01:59:14.972Z] Getting package name...
[2025-06-03T01:59:14.975Z] Command: "/home/ubuntu/android-sdk/build-tools/34.0.0/aapt" dump badging "/home/ubuntu/AfrobeatsAutomation/src/test/resources/installable/app_0304_1.apk" | grep package | head -1
[2025-06-03T01:59:14.986Z] ✓ Getting package name completed
[2025-06-03T01:59:14.990Z] ✓ Package name: com.suenare.iafrobeats.afrobeats
[2025-06-03T01:59:14.994Z] Uninstalling existing app...
[2025-06-03T01:59:14.997Z] Mock mode: Simulating app uninstall...
[2025-06-03T01:59:16.002Z] ✓ App uninstalled successfully (mock)
[2025-06-03T01:59:16.007Z] Installing app...
[2025-06-03T01:59:16.011Z] Mock mode: Simulating app installation...
[2025-06-03T01:59:18.017Z] ✓ App installed successfully (mock)
[2025-06-03T01:59:18.021Z] Launching app...
[2025-06-03T01:59:18.035Z] Mock mode: Simulating app launch...
[2025-06-03T01:59:19.540Z] ✓ App launched successfully (mock)
[2025-06-03T01:59:19.544Z] Running feature tests...
[2025-06-03T01:59:19.549Z] Found 10 feature files
[2025-06-03T01:59:19.553Z] Running Maven-based tests...
[2025-06-03T01:59:19.557Z] Running Maven tests...
[2025-06-03T01:59:19.560Z] Command: mvn clean test -Dappium.host=127.0.0.1 -Dappium.port=4723 -Dandroid.device=mock_device -Dapp.package=com.suenare.iafrobeats.afrobeats
[2025-06-03T01:59:49.595Z] ✗ Running Maven tests failed: spawnSync /bin/sh ETIMEDOUT
[2025-06-03T01:59:49.600Z] Maven tests failed: spawnSync /bin/sh ETIMEDOUT
[2025-06-03T01:59:49.603Z] Test execution failed: spawnSync /bin/sh ETIMEDOUT
[2025-06-03T01:59:49.607Z] === End-to-End Automation Failed ===
[2025-06-03T01:59:49.615Z] Error: spawnSync /bin/sh ETIMEDOUT
[2025-06-03T01:59:49.618Z] Performing cleanup...
[2025-06-03T01:59:49.622Z] Stopping Appium server...
[2025-06-03T01:59:51.628Z] ✓ Appium server stopped
[2025-06-03T01:59:51.638Z] ✓ Cleanup completed
